
> timely@0.1.0 test
> pytest tests/ -v --tb=short --run

'pytest' is not recognized as an internal or external command,
operable program or batch file.
